2026-09-11T19:47:32.455+03:00  INFO 22956 --- [eduapp-rest] [main] gr.aueb.cf.eduapp.EduAppApplication      : Starting EduAppApplication using Java 21.0.10 with PID 22956 (C:\Users\makis\IdeaProjects\edu10-restapp-pro\build\classes\java\main started by makis in C:\Users\makis\IdeaProjects\edu10-restapp-pro)
2026-09-11T19:47:32.459+03:00 DEBUG 22956 --- [eduapp-rest] [main] gr.aueb.cf.eduapp.EduAppApplication      : Running with Spring Boot v4.1.1, Spring v7.0.9
2026-09-11T19:47:32.462+03:00  INFO 22956 --- [eduapp-rest] [main] gr.aueb.cf.eduapp.EduAppApplication      : The following 1 profile is active: "dev"
2026-09-11T19:47:34.533+03:00  INFO 22956 --- [eduapp-rest] [main] .s.d.r.c.RepositoryConfigurationDelegate : Bootstrapping Spring Data JPA repositories in DEFAULT mode.
2026-09-11T19:47:34.759+03:00  INFO 22956 --- [eduapp-rest] [main] .s.d.r.c.RepositoryConfigurationDelegate : Finished Spring Data repository scanning in 207 ms. Found 7 JPA repository interfaces.
2026-09-11T19:47:36.258+03:00  INFO 22956 --- [eduapp-rest] [main] o.s.boot.tomcat.TomcatWebServer          : Tomcat initialized with port 8080 (http)
2026-09-11T19:47:36.285+03:00  INFO 22956 --- [eduapp-rest] [main] o.apache.catalina.core.StandardService   : Starting service [Tomcat]
2026-09-11T19:47:36.285+03:00  INFO 22956 --- [eduapp-rest] [main] o.apache.catalina.core.StandardEngine    : Starting Servlet engine: [Apache Tomcat/11.0.24]
2026-09-11T19:47:36.399+03:00  INFO 22956 --- [eduapp-rest] [main] b.w.c.s.WebApplicationContextInitializer : Root WebApplicationContext: initialization completed in 3857 ms
2026-09-11T19:47:36.777+03:00  INFO 22956 --- [eduapp-rest] [main] com.zaxxer.hikari.HikariDataSource       : HikariPool-1 - Starting...
2026-09-11T19:47:37.378+03:00  INFO 22956 --- [eduapp-rest] [main] com.zaxxer.hikari.pool.HikariPool        : HikariPool-1 - Added connection com.mysql.cj.jdbc.ConnectionImpl@1a34a51e
2026-09-11T19:47:37.382+03:00  INFO 22956 --- [eduapp-rest] [main] com.zaxxer.hikari.HikariDataSource       : HikariPool-1 - Start completed.
2026-09-11T19:47:37.434+03:00  INFO 22956 --- [eduapp-rest] [main] org.flywaydb.core.FlywayExecutor         : Database: jdbc:mysql://localhost:3306/edu10csrpro?sslMode=preferred&serverTimezone=UTC&allowPublicKeyRetrieval=true (MySQL 8.0)
2026-09-11T19:47:37.687+03:00  INFO 22956 --- [eduapp-rest] [main] o.f.c.i.s.JdbcTableSchemaHistory         : Schema history table `edu10csrpro`.`flyway_schema_history` does not exist yet
2026-09-11T19:47:37.694+03:00  INFO 22956 --- [eduapp-rest] [main] o.f.core.internal.command.DbValidate     : Successfully validated 4 migrations (execution time 00:00.041s)
2026-09-11T19:47:37.744+03:00  INFO 22956 --- [eduapp-rest] [main] o.f.c.i.s.JdbcTableSchemaHistory         : Creating Schema History table `edu10csrpro`.`flyway_schema_history` ...
2026-09-11T19:47:37.989+03:00  INFO 22956 --- [eduapp-rest] [main] o.f.core.internal.command.DbMigrate      : Current version of schema `edu10csrpro`: << Empty Schema >>
2026-09-11T19:47:38.021+03:00  INFO 22956 --- [eduapp-rest] [main] o.f.core.internal.command.DbMigrate      : Migrating schema `edu10csrpro` to version "1 - initial schema 2"
2026-09-11T19:47:38.401+03:00  WARN 22956 --- [eduapp-rest] [main] o.f.c.i.s.DefaultSqlScriptExecutor       : DB: Integer display width is deprecated and will be removed in a future release. (SQL State: HY000 - Error Code: 1681)
2026-09-11T19:47:39.447+03:00  WARN 22956 --- [eduapp-rest] [main] o.f.c.i.s.DefaultSqlScriptExecutor       : DB: Integer display width is deprecated and will be removed in a future release. (SQL State: HY000 - Error Code: 1681)
2026-09-11T19:47:39.528+03:00  WARN 22956 --- [eduapp-rest] [main] o.f.c.i.s.DefaultSqlScriptExecutor       : DB: Integer display width is deprecated and will be removed in a future release. (SQL State: HY000 - Error Code: 1681)
2026-09-11T19:47:39.644+03:00  WARN 22956 --- [eduapp-rest] [main] o.f.c.i.s.DefaultSqlScriptExecutor       : DB: Integer display width is deprecated and will be removed in a future release. (SQL State: HY000 - Error Code: 1681)
2026-09-11T19:47:39.713+03:00  INFO 22956 --- [eduapp-rest] [main] o.f.core.internal.command.DbMigrate      : Migrating schema `edu10csrpro` to version "2 - insert regions 1"
2026-09-11T19:47:39.802+03:00  INFO 22956 --- [eduapp-rest] [main] o.f.core.internal.command.DbMigrate      : Migrating schema `edu10csrpro` to version "3 - insert roles capabilites"
2026-09-11T19:47:39.864+03:00  INFO 22956 --- [eduapp-rest] [main] o.f.core.internal.command.DbMigrate      : Migrating schema `edu10csrpro` to version "4 - insert view user capability to admin"
2026-09-11T19:47:39.901+03:00  INFO 22956 --- [eduapp-rest] [main] o.f.core.internal.command.DbMigrate      : Successfully applied 4 migrations to schema `edu10csrpro`, now at version v4 (execution time 00:01.719s)
2026-09-11T19:47:40.140+03:00  INFO 22956 --- [eduapp-rest] [main] org.hibernate.orm.jpa                    : HHH008540: Processing PersistenceUnitInfo [name: default]
2026-09-11T19:47:40.363+03:00  INFO 22956 --- [eduapp-rest] [main] org.hibernate.orm.core                   : HHH000001: Hibernate ORM core version 7.4.5.Final
2026-09-11T19:47:41.693+03:00  INFO 22956 --- [eduapp-rest] [main] o.s.o.j.p.SpringPersistenceUnitInfo      : No LoadTimeWeaver setup: ignoring JPA class transformer
2026-09-11T19:47:41.812+03:00  INFO 22956 --- [eduapp-rest] [main] org.hibernate.orm.connections.pooling    : HHH10001005: Database info:
	Database JDBC URL [jdbc:mysql://localhost:3306/edu10csrpro?sslMode=preferred&serverTimezone=UTC&allowPublicKeyRetrieval=true]
	Database driver: MySQL Connector/J
	Database dialect: MySQLDialect
	Database version: 8.0.46
	Default catalog/schema: edu10csrpro/undefined
	Autocommit mode: undefined/unknown
	Isolation level: REPEATABLE_READ [default REPEATABLE_READ]
	JDBC fetch size: none
	Pool: DataSourceConnectionProvider
	Minimum pool size: undefined/unknown
	Maximum pool size: undefined/unknown
2026-09-11T19:47:43.361+03:00  INFO 22956 --- [eduapp-rest] [main] org.hibernate.orm.core                   : HHH000489: No JTA platform available (set 'hibernate.transaction.jta.platform' to enable JTA platform integration)
2026-09-11T19:47:43.423+03:00  INFO 22956 --- [eduapp-rest] [main] j.LocalContainerEntityManagerFactoryBean : Initialized JPA EntityManagerFactory for persistence unit 'default'
2026-09-11T19:47:43.530+03:00  INFO 22956 --- [eduapp-rest] [main] o.s.d.j.r.query.QueryEnhancerFactories   : Hibernate is in classpath; If applicable, HQL parser will be used.
2026-09-11T19:47:43.977+03:00 DEBUG 22956 --- [eduapp-rest] [main] g.a.c.e.s.JwtAuthenticationFilter        : Filter 'jwtAuthenticationFilter' configured for use
2026-09-11T19:47:44.205+03:00  INFO 22956 --- [eduapp-rest] [main] eAuthenticationProviderManagerConfigurer : Global AuthenticationManager configured with AuthenticationProvider bean with name authenticationProvider
2026-09-11T19:47:45.725+03:00  INFO 22956 --- [eduapp-rest] [main] o.s.boot.tomcat.TomcatWebServer          : Tomcat started on port 8080 (http) with context path '/'
2026-09-11T19:47:45.742+03:00  INFO 22956 --- [eduapp-rest] [main] gr.aueb.cf.eduapp.EduAppApplication      : Started EduAppApplication in 14.08 seconds (process running for 14.928)
2026-09-11T20:39:53.380+03:00  INFO 16048 --- [eduapp-rest] [main] gr.aueb.cf.eduapp.EduAppApplication      : Starting EduAppApplication using Java 21.0.10 with PID 16048 (C:\Users\makis\IdeaProjects\edu10-restapp-pro\build\classes\java\main started by makis in C:\Users\makis\IdeaProjects\edu10-restapp-pro)
2026-09-11T20:39:53.388+03:00 DEBUG 16048 --- [eduapp-rest] [main] gr.aueb.cf.eduapp.EduAppApplication      : Running with Spring Boot v4.1.1, Spring v7.0.9
2026-09-11T20:39:53.390+03:00  INFO 16048 --- [eduapp-rest] [main] gr.aueb.cf.eduapp.EduAppApplication      : The following 1 profile is active: "dev"
2026-09-11T20:39:55.035+03:00  INFO 16048 --- [eduapp-rest] [main] .s.d.r.c.RepositoryConfigurationDelegate : Bootstrapping Spring Data JPA repositories in DEFAULT mode.
2026-09-11T20:39:55.133+03:00  INFO 16048 --- [eduapp-rest] [main] .s.d.r.c.RepositoryConfigurationDelegate : Finished Spring Data repository scanning in 85 ms. Found 7 JPA repository interfaces.
2026-09-11T20:39:56.436+03:00  INFO 16048 --- [eduapp-rest] [main] o.s.boot.tomcat.TomcatWebServer          : Tomcat initialized with port 8080 (http)
2026-09-11T20:39:56.466+03:00  INFO 16048 --- [eduapp-rest] [main] o.apache.catalina.core.StandardService   : Starting service [Tomcat]
2026-09-11T20:39:56.466+03:00  INFO 16048 --- [eduapp-rest] [main] o.apache.catalina.core.StandardEngine    : Starting Servlet engine: [Apache Tomcat/11.0.24]
2026-09-11T20:39:56.591+03:00  INFO 16048 --- [eduapp-rest] [main] b.w.c.s.WebApplicationContextInitializer : Root WebApplicationContext: initialization completed in 3066 ms
2026-09-11T20:39:56.984+03:00  INFO 16048 --- [eduapp-rest] [main] com.zaxxer.hikari.HikariDataSource       : HikariPool-1 - Starting...
2026-09-11T20:39:57.678+03:00  INFO 16048 --- [eduapp-rest] [main] com.zaxxer.hikari.pool.HikariPool        : HikariPool-1 - Added connection com.mysql.cj.jdbc.ConnectionImpl@3fd33f48
2026-09-11T20:39:57.684+03:00  INFO 16048 --- [eduapp-rest] [main] com.zaxxer.hikari.HikariDataSource       : HikariPool-1 - Start completed.
2026-09-11T20:39:57.740+03:00  INFO 16048 --- [eduapp-rest] [main] org.flywaydb.core.FlywayExecutor         : Database: jdbc:mysql://localhost:3306/edu10csrpro?sslMode=preferred&serverTimezone=UTC&allowPublicKeyRetrieval=true (MySQL 8.0)
2026-09-11T20:39:58.091+03:00  INFO 16048 --- [eduapp-rest] [main] o.f.core.internal.command.DbValidate     : Successfully validated 4 migrations (execution time 00:00.070s)
2026-09-11T20:39:58.111+03:00  INFO 16048 --- [eduapp-rest] [main] o.f.core.internal.command.DbMigrate      : Current version of schema `edu10csrpro`: 4
2026-09-11T20:39:58.116+03:00  INFO 16048 --- [eduapp-rest] [main] o.f.core.internal.command.DbMigrate      : Schema `edu10csrpro` is up to date. No migration necessary.
2026-09-11T20:39:58.290+03:00  INFO 16048 --- [eduapp-rest] [main] org.hibernate.orm.jpa                    : HHH008540: Processing PersistenceUnitInfo [name: default]
2026-09-11T20:39:58.454+03:00  INFO 16048 --- [eduapp-rest] [main] org.hibernate.orm.core                   : HHH000001: Hibernate ORM core version 7.4.5.Final
2026-09-11T20:39:59.169+03:00  INFO 16048 --- [eduapp-rest] [main] o.s.o.j.p.SpringPersistenceUnitInfo      : No LoadTimeWeaver setup: ignoring JPA class transformer
2026-09-11T20:39:59.295+03:00  INFO 16048 --- [eduapp-rest] [main] org.hibernate.orm.connections.pooling    : HHH10001005: Database info:
	Database JDBC URL [jdbc:mysql://localhost:3306/edu10csrpro?sslMode=preferred&serverTimezone=UTC&allowPublicKeyRetrieval=true]
	Database driver: MySQL Connector/J
	Database dialect: MySQLDialect
	Database version: 8.0.46
	Default catalog/schema: edu10csrpro/undefined
	Autocommit mode: undefined/unknown
	Isolation level: REPEATABLE_READ [default REPEATABLE_READ]
	JDBC fetch size: none
	Pool: DataSourceConnectionProvider
	Minimum pool size: undefined/unknown
	Maximum pool size: undefined/unknown
2026-09-11T20:40:00.899+03:00  INFO 16048 --- [eduapp-rest] [main] org.hibernate.orm.core                   : HHH000489: No JTA platform available (set 'hibernate.transaction.jta.platform' to enable JTA platform integration)
2026-09-11T20:40:00.981+03:00  INFO 16048 --- [eduapp-rest] [main] j.LocalContainerEntityManagerFactoryBean : Initialized JPA EntityManagerFactory for persistence unit 'default'
2026-09-11T20:40:01.085+03:00  INFO 16048 --- [eduapp-rest] [main] o.s.d.j.r.query.QueryEnhancerFactories   : Hibernate is in classpath; If applicable, HQL parser will be used.
2026-09-11T20:40:01.424+03:00 DEBUG 16048 --- [eduapp-rest] [main] g.a.c.e.s.JwtAuthenticationFilter        : Filter 'jwtAuthenticationFilter' configured for use
2026-09-11T20:40:01.572+03:00  INFO 16048 --- [eduapp-rest] [main] eAuthenticationProviderManagerConfigurer : Global AuthenticationManager configured with AuthenticationProvider bean with name authenticationProvider
2026-09-11T20:40:02.807+03:00  INFO 16048 --- [eduapp-rest] [main] o.s.boot.tomcat.TomcatWebServer          : Tomcat started on port 8080 (http) with context path '/'
2026-09-11T20:40:02.815+03:00  INFO 16048 --- [eduapp-rest] [main] gr.aueb.cf.eduapp.EduAppApplication      : Started EduAppApplication in 10.281 seconds (process running for 11.006)
2026-09-11T20:40:24.563+03:00  INFO 16048 --- [eduapp-rest] [http-nio-8080-exec-2] o.a.c.c.C.[Tomcat].[localhost].[/]       : Initializing Spring DispatcherServlet 'dispatcherServlet'
2026-09-11T20:40:24.564+03:00  INFO 16048 --- [eduapp-rest] [http-nio-8080-exec-2] o.s.web.servlet.DispatcherServlet        : Initializing Servlet 'dispatcherServlet'
2026-09-11T20:40:24.567+03:00  INFO 16048 --- [eduapp-rest] [http-nio-8080-exec-2] o.s.web.servlet.DispatcherServlet        : Completed initialization in 2 ms
2026-09-11T20:40:24.829+03:00  WARN 16048 --- [eduapp-rest] [http-nio-8080-exec-1] g.a.c.e.s.CustomAuthenticationEntryPoint : User not authenticated uri=/favicon.ico, errorCode=UNAUTHORIZED, with message=Full authentication is required to access this resource
2026-09-11T20:40:39.868+03:00  INFO 16048 --- [eduapp-rest] [http-nio-8080-exec-2] o.springdoc.api.AbstractOpenApiResource  : Init duration for springdoc-openapi is: 560 ms
